Xmw, Xmw, Xmw, Xmw, Xmw, Xmw, Xmw, Xmw, Xmw, Xmw, Xmw, Xmw, Xmw, Xmw, Xmw, Xmw, Xmw, Xmw, Xmw, Xmw, Xmw, Xmw, Xmw, Xmw, Xmw, Xmw, Xmw, Xmw, Xmw, Xmw, Xmw, Xmw, Rmp, Rmp, Rmp, Xmw, Xmw, Xmw, Xmw, Xmw, Xmw, Xmw, Xmw, Xmw, Xmw, Xmw, Xmw, Xmw, Xmw, Xmw, Xmw, Xmw, Xmw, Xmw, Xmw, Xmw, Xmw, Xmw, Xmw, Xmw, Xmw, Xmw, Xmw, Xmw, Xmw, Xmw, Rmp, Rmp, Rmp, Xmw, Xmw, Xmw, Xmw, Xmw, Xmw, Xmw, Xmw, Xmw, Xmw, Xmw, Xmw, Xmw, Xmw
Xmw, Xmw, Xmw, Xmw, Xmw, Xmw, Xmw, Xmw, Xmw, Xmw, Xmw, Xmw, Xmw, Xmw, Xmw, Xmw, Xmw, Xmw, Xmw, Xmw, Xmw, Xmw, Xmw, Xmw, Xmw, Xmw, Xmw, Xmw, Xmw, Xmw, Xmw, Xmw, Rmp, Rmp, Rmp, Xmw, Xmw, Xmw, Xmw, Xmw, Xmw, Xmw, Xmw, Xmw, Xmw, Xmw, Xmw, Xmw, Xmw, Xmw, Xmw, Xmw, Xmw, Xmw, Xmw, Xmw, Xmw, Xmw, Xmw, Xmw, Xmw, Xmw, Xmw, Xmw, Xmw, Xmw, Rmp, Rmp, Rmp, Xmw, Xmw, Xmw, Xmw, Xmw, Xmw, Xmw, Xmw, Xmw, Xmw, Xmw, Xmw, Xmw, Xmw
Xmw, Xmw, Xmw, Xmw, Xmw, Xmw, Xmw, Xmw, Xmw, Xmw, Xmw, Xmw, Xmw, Xmw, Xmw, Xmw, Xmw, Xmw, Xmw, Xmw, Xmw, Xmw, Xmw, Xmw, Xmw, Xmw, Xmw, Xmw, Xmw, Xmw, Xmw, Xmw, Rmp, Rmp, Rmp, Xmw, Xmw, Xmw, Xmw, Xmw, Xmw, Xmw, Xmw, Xmw, Xmw, Xmw, Xmw, Xmw, Xmw, Xmw, Xmw, Xmw, Xmw, Xmw, Xmw, Xmw, Xmw, Xmw, Xmw, Xmw, Xmw, Xmw, Xmw, Xmw, Xmw, Xmw, Rmp^Xo, Rmp^Xo, Rmp^Xo, Xmw, Xmw, Xmw, Xmw, Xmw, Xmw, Xmw, Xmw, Xmw, Xmw, Xmw, Xmw, Xmw, Xmw
Xmw, Xmw, Xmw, Xmw, Xmw, Xmw, Xmw, Xmw, Xmw, Xmw, Xmw, Xmw, Xmw, Xmw, Xmw, Xmw, Xmw, Xmw, Xmw, Xmw, Xmw, Xmw, Xmw, Xmw, Xmw, Xmw, Xmw, Xmw, Xmw, Xmw, Xmw, Xmw, Rmp, Rmp, Rmp, Xmw, Xmw, Xmw, Xmw, Xmw, Xmw, Xmw, Xmw, Xmw, Xmw, Xmw, Xmw, Xmw, Xmw, Xmw, Rmp, Rmp, Rmp, Xmw, Xmw, Xmw, Xmw, Xmw, Xmw, Xmw, Xmw, Xmw, Rmp, Rmp, Rmp^Xo, Xmw, Rmp, Rmp, Rmp, Xmw, Rmp^Xo, Rmp, Rmp, Xmw, Xmw, Xmw, Xmw, Xmw, Xmw, Xmw, Xmw, Xmw, Xmw
Xmw, Xmw, Xmw, Xmw, Xmw, Xmw, Xmw, Xmw, Xmw, Xmw, Xmw, Xmw, Xmw, Xmw, Xmw, Xmw, Xmw, Xmw, Xmw, Xmw, Xmw, Xmw, Xmw, Xmw, Xmw, Xmw, Xmw, Xmw, Xmw, Xmw, Xmw, Xmw, Rmp, Rmp, Rmp, Xmw, Xmw, Xmw, Xmw, Xmw, Xmw, Xmw, Xmw, Xmw, Xmw, Xmw, Xmw, Xmw, Xmw, Rmp, Rmp, Rmp, Rmp^Xo, Rmp^Xo, Rmp, Xmw, Xmw, Xmw, Xmw, Xmw, Xmw, Xmw, Xmw, Rmp^Xo, Rmp, Rmp, Rmp^Xo, Rmp^Xo, Rmp^Xo, Rmp, Rmp, Rmp^Xo, Xmw, Xmw, Xmw, Xmw, Xmw, Xmw, Xmw, Xmw, Xmw, Xmw, Xmw
Xmw, Xmw, Xmw, Xmw, Xmw, Rmp, Rmp, Rmp, Rmp, Rmp, Rmp, Rmp, Rmp, Rmp, Rmp, Rmp, Xmw, Xmw, Xmw, Xmw, Xmw, Xmw, Xmw, Xmw, Xmw, Xmw, Xmw, Xmw, Xmw, Xmw, Xmw, Xmw, Rmp, Rmp, Rmp, Xmw, Xmw, Xmw, Xmw, Xmw, Xmw, Xmw, Xmw, Xmw, Xmw, Xmw, Xmw, Xmw, Xmw, Xmw, Xmw, Rmp^Xo, Rmp, Rmp, Rmp, Rmp, Rmp, Xmw, Xmw, Xmw, Xmw, Xmw, Rmp, Rmp, Rmp^Xo, Rmp^Xo, Rd^Cov, Gg^Fet, Rd^Cov, Rmp^Xo, Rmp^Xo, Rmp, Rmp, Xmw, Xmw, Xmw, Xmw, Xmw, Xmw, Xmw, Xmw, Xmw, Xmw
Xmw, Xmw, Xmw, Xmw, Xmw, Rmp, Rmp, Rmp, Rmp, Rmp, Rmp, Rmp, Rmp, Rmp, Rmp, Rmp, Xmw, Xmw, Xmw, Xmw, Xmw, Xmw, Xmw, Xmw, Xmw, Xmw, Xmw, Xmw, Xmw, Xmw, Xmw, Xmw, Rmp, Rmp, Rmp, Xmw, Xmw, Xmw, Xmw, Xmw, Xmw, Xmw, Xmw, Xmw, Xmw, Xmw, Xmw, Xmw, Xmw, Xmw, Rmp, Rmp, Rmp, Rmp, Rmp, Rmp, Rmp, Rmp, Rmp, Xmw, Xmw, Rmp, Rmp, Rmp^Xo, Wot, Rd, Rd^Cov, 3 Rd^Kov, Rd^Cov, Rd, Qlf, Rmp^Xo, Rmp, Rmp, Xmw, Xmw, Xmw, Xmw, Xmw, Xmw, Xmw, Xmw, Xmw
Xmw, Xmw, Xmw, Xmw, Xmw, Rmp, Rmp, Rmp, Rmp, Rmp, Rmp, Rmp, Rmp, Rmp, Rmp, Rmp, Xmw, Xmw, Xmw, Xmw, Xmw, Xmw, Xmw, Xmw, Xmw, Xmw, Xmw, Xmw, Xmw, Xmw, Xmw, Xmw, Rmp, Rmp, Rmp, Xmw, Xmw, Xmw, Xmw, Xmw, Xmw, Xmw, Xmw, Xmw, Xmw, Xmw, Xmw, Xmw, Rmp, Rmp, Rmp, Rmp, Rmp, Rmp, Rmp, Rmp, Rmp, Rmp, Rmp, Rmp, Rmp, Rmp, Rmp, Rmp^Xo, Rd, Rd, Rd, Rd^Cov, Rd, Rd, Rd, Rmp^Xo, Rmp, Rmp, Xmw, Xmw, Xmw, Xmw, Xmw, Xmw, Xmw, Xmw, Xmw
Xmw, Xmw, Xmw, Xmw, Xmw, Rmp, Rmp, Rmp, Rmp, Rmp, Rmp, Rmp, Rmp, Rmp, Rmp, Rmp, Xmw, Xmw, Xmw, Xmw, Xmw, Xmw, Xmw, Xmw, Rmp, Xmw, Xmw, Xmw, Xmw, Xmw, Rmp, Rmp, Rmp, Rmp, Rmp, Rmp, Rmp, Xmw, Xmw, Xmw, Xmw, Xmw, Xmw, Xmw, Xmw, Xmw, Rmp, Rmp, Rmp, Rmp, Rmp, Rmp, Xmw, Xmw, Xmw, Rmp, Rmp, Rmp, Rmp, Rmp, Rmp, Rmp, Rmp, Rmp^Xo, Rd, Rd, Rd, Rd, Rd, Rd, Rd, Rmp^Xo, Rmp, Rmp, Rmp^Xo, Rmp, Rmp, Xmw, Xmw, Xmw, Xmw, Xmw, Xmw
Xmw, Xmw, Xmw, Xmw, Xmw, Rmp, Rmp, Rmp, Rmp, Rmp, Rmp, Rmp, Rmp, Rmp, Rmp, Rmp, Xmw, Xmw, Rmp, Xmw, Xmw, Xmw, Xmw, Xmw, Xmw, Rmp, Rmp^Xo, Xmw, Rmp, Rmp, Rmp, Rmp, Xmw, Xmw, Rmp, Rmp, Rmp, Rmp, Rmp, Xmw, Xmw, Xmw, Xmw, Xmw, Rmp, Rmp, Rmp, Rmp, Rmp, Rmp, Xmw, Xmw, Xmw, Xmw, Xmw, Xmw, Xmw, Rmp, Rmp, Rmp, Rmp, Rmp, Rmp, Rmp^Xo, Rd, Rd, Rd, Rd, Rd, Rd, Rd, Rmp^Xo, Rmp, Rmp, Rmp^Xo, Rmp, Rmp, Xmw, Xmw, Xmw, Xmw, Xmw, Xmw
Xmw, Xmw, Xmw, Xmw, Xmw, Xmw, Xmw, Rmp, Xmw, Rmp, Xmw, Rmp, Xmw, Rmp, Xmw, Xmw, Xmw, Xmw, Xmw, Rmp, Rmp, Xmw, Xmw, Xmw, Xmw, Xmw, Rmp, Rmp, Rmp, Rmp, Xmw, Xmw, Rmp, Rmp, Rmp, Rmp, Rmp, Rmp, Rmp, Rmp, Rmp, Xmw, Rmp, Rmp, Rmp, Rmp, Rmp, Rmp, Xmw, Xmw, Xmw, Xmw, Xmw, Xmw, Xmw, Xmw, Xmw, Xmw, Xmw, Rmp, Xmw, Rmp, Rmp, Rmp^Xo, Rd, Rd, Rd, Rd, Rd, Rd, Rd, Rmp^Xo, Rmp, Rmp, Xmw, Rmp, Xmw, Xmw, Xmw, Xmw, Xmw, Xmw, Xmw
Xmw, Xmw, Xmw, Xmw, Xmw, Xmw, Xmw, Xmw, Xmw, Rmp, Rmp, Rmp, Xmw, Xmw, Xmw, Xmw, Xmw, Xmw, Xmw, Xmw, Xmw, Rmp, Rmp^Xo, Xmw, Rmp, Rmp, Rmp, Rmp, Xmw, Xmw, Rmp, Rmp, Rmp, Rmp, Xmw, Xmw, Xmw, Rmp, Rmp, Rmp, Rmp, Rmp, Rmp, Rmp, Rmp, Rmp, Xmw, Xmw, Xmw, Xmw, Xmw, Xmw, Xmw, Xmw, Xmw, Xmw, Xmw, Xmw, Xmw, Xmw, Xmw, Rmp, Rmp, Rmp^Xo, Rd, Rd, Rd, Rd, Rd, Rd, Rd, Rmp^Xo, Rmp, Rmp, Xmw, Rmp, Xmw, Xmw, Xmw, Xmw, Xmw, Xmw, Xmw
Xmw, Xmw, Xmw, Xmw, Xmw, Xmw, Xmw, Xmw, Xmw, Rmp, Xmw, Rmp, Xmw, Xmw, Xmw, Xmw, Xmw, Xmw, Xmw, Xmw, Xmw, Xmw, Rmp, Rmp, Rmp, Rmp, Xmw, Xmw, Rmp, Rmp, Rmp, Rmp, Xmw, Xmw, Xmw, Xmw, Xmw, Xmw, Xmw, Rmp, Rmp, Rmp, Rmp, Rmp, Xmw, Xmw, Xmw, Xmw, Xmw, Xmw, Xmw, Xmw, Xmw, Xmw, Xmw, Xmw, Xmw, Xmw, Xmw, Xmw, Xmw, Rmp, Rmp, Rmp^Xo, Qlf, Rd, Rd^Cov, Rd^Cov, Rd^Cov, Rd, Wot, Rmp^Xo, Rmp, Rmp, Xmw, Xmw, Xmw, Xmw, Xmw, Xmw, Xmw, Xmw, Xmw
Xmw, Xmw, Xmw, Xmw, Xmw, Xmw, Xmw, Xmw, Xmw, Rmp, Rmp, Rmp, Xmw, Xmw, Xmw, Xmw, Xmw, Xmw, Xmw, Xmw, Xmw, Rmp, Rmp, Rmp, Xmw, Xmw, Rmp, Rmp, Rmp, Rmp, Rmp^Xo, Xmw, Rmp, Xmw, Xmw, Xmw, Xmw, Xmw, Xmw, Xmw, Xmw, Rmp, Xmw, Xmw, Xmw, Xmw, Xmw, Xmw, Xmw, Xmw, Xmw, Xmw, Xmw, Xmw, Xmw, Xmw, Xmw, Xmw, Xmw, Xmw, Xmw, Rmp, Rmp, Rmp^Xo, Rmp^Xo, Rd, Rd^Cov, Rd^Kov, Rd^Cov, Rd, Rmp^Xo, Rmp^Xo, Rmp, Rmp, Xmw, Xmw, Xmw, Xmw, Xmw, Xmw, Xmw, Xmw, Xmw
Xmw, Xmw, Xmw, Xmw, Xmw, Xmw, Xmw, Xmw, Xmw, Rmp, Xmw, Rmp, Rmp, Xmw, Xmw, Xmw, Xmw, Xmw, Xmw, Xmw, Xmw, Xmw, Xmw, Xmw, Rmp, Rmp, Rmp, Rmp, Xmw, Xmw, Rmp, Rmp, Rmp, Rmp, Rmp, Xmw, Xmw, Xmw, Xmw, Xmw, Xmw, Rmp^Xo, Xmw, Xmw, Xmw, Xmw, Xmw, Xmw, Xmw, Xmw, Xmw, Xmw, Xmw, Xmw, Xmw, Xmw, Xmw, Xmw, Xmw, Xmw, Xmw, Rmp, Rmp, Rmp, Rmp, Rmp^Xo, Rmp^Xo, Gg^Fet, Rmp^Xo, Rmp^Xo, Rmp, Rmp, Rmp, Rmp, Xmw, Xmw, Xmw, Xmw, Xmw, Xmw, Xmw, Xmw, Xmw
Xmw, Xmw, Xmw, Xmw, Xmw, Xmw, Xmw, Xmw, Xmw, Rmp, Rmp, Rmp, Xmw, Rmp, Rmp, Xmw, Xmw, Xmw, Xmw, Xmw, Xmw, Xmw, Xmw, Rmp, Rmp, Rmp, Rmp^Xo, Xmw, Xmw, Rmp, Rmp, Rmp, Rmp, Rmp, Rmp, Rmp, Xmw, Xmw, Xmw, Xmw, Xmw, Rmp, Xmw, Xmw, Xmw, Xmw, Xmw, Xmw, Xmw, Xmw, Xmw, Xmw, Xmw, Xmw, Xmw, Xmw, Xmw, Xmw, Xmw, Xmw, Xmw, Xmw, Xmw, Xmw, Xmw, Rmp, Rmp, Rmp^Xo, Rmp, Rmp, Xmw, Xmw, Xmw, Xmw, Xmw, Xmw, Xmw, Xmw, Xmw, Xmw, Xmw, Xmw, Xmw
Xmw, Xmw, Xmw, Xmw, Xmw, Xmw, Xmw, Xmw, Xmw, Xmw, Xmw, Rmp, Rmp, Rmp, Xmw, Rmp, Rmp, Xmw, Xmw, Xmw, Xmw, Xmw, Xmw, Xmw, Xmw, Rmp^Xo, Rmp, Rmp, Rmp, Xmw, Xmw, Rmp, Rmp, Rmp, Xmw, Xmw, Xmw, Xmw, Xmw, Xmw, Xmw, Rmp, Xmw, Xmw, Xmw, Xmw, Xmw, Xmw, Xmw, Xmw, Xmw, Xmw, Xmw, Xmw, Xmw, Xmw, Xmw, Xmw, Xmw, Xmw, Xmw, Xmw, Xmw, Xmw, Rmp, Xmw, Rmp, Rmp, Rmp, Xmw, Rmp, Rmp, Xmw, Xmw, Xmw, Xmw, Xmw, Xmw, Xmw, Xmw, Xmw, Xmw, Xmw
Xmw, Xmw, Xmw, Xmw, Xmw, Xmw, Xmw, Xmw, Xmw, Xmw, Xmw, Xmw, Xmw, Rmp, Rmp, Rmp, Xmw, Rmp, Rmp, Xmw, Xmw, Xmw, Xmw, Xmw, Xmw, Xmw, Xmw, Rmp, Rmp, Rmp, Rmp, Xmw, Xmw, Xmw, Xmw, Xmw, Xmw, Xmw, Xmw, Xmw, Xmw, Rmp, Xmw, Xmw, Xmw, Xmw, Xmw, Xmw, Xmw, Xmw, Xmw, Xmw, Xmw, Xmw, Xmw, Xmw, Xmw, Xmw, Xmw, Xmw, Xmw, Xmw, Xmw, Xmw, Rmp, Xmw, Rmp, Rmp, Rmp, Xmw, Rmp, Rmp, Rmp, Xmw, Xmw, Xmw, Xmw, Xmw, Xmw, Xmw, Xmw, Xmw, Xmw
Xmw, Xmw, Xmw, Xmw, Xmw, Xmw, Xmw, Xmw, Xmw, Xmw, Xmw, Xmw, Xmw, Xmw, Xmw, Rmp, Rmp, Rmp, Rmp, Rmp, Rmp, Xmw, Xmw, Xmw, Xmw, Xmw, Xmw, Xmw, Xmw, Rmp, Rmp, Rmp, Xmw, Xmw, Xmw, Xmw, Xmw, Xmw, Xmw, Xmw, Xmw, Rmp, Xmw, Xmw, Xmw, Xmw, Xmw, Xmw, Xmw, Xmw, Xmw, Xmw, Xmw, Xmw, Xmw, Xmw, Xmw, Xmw, Xmw, Xmw, Xmw, Xmw, Xmw, Rmp, Rmp, Rmp^Xo, Rmp, Rmp, Rmp, Rmp^Xo, Rmp, Rmp, Rmp, Xmw, Xmw, Xmw, Xmw, Xmw, Xmw, Xmw, Xmw, Xmw, Xmw
Xmw, Xmw, Xmw, Xmw, Xmw, Xmw, Xmw, Xmw, Xmw, Xmw, Xmw, Xmw, Xmw, Xmw, Xmw, Xmw, Xmw, Rmp, Rmp, Rmp, Rmp, Rmp, Rmp, Xmw, Xmw, Xmw, Xmw, Xmw, Xmw, Xmw, Xmw, Xmw, Xmw, Xmw, Xmw, Xmw, Xmw, Xmw, Xmw, Xmw, Xmw, Rmp, Xmw, Xmw, Xmw, Xmw, Xmw, Xmw, Xmw, Xmw, Xmw, Xmw, Xmw, Xmw, Xmw, Xmw, Xmw, Xmw, Xmw, Xmw, Xmw, Xmw, Xmw, Xmw, Xmw, Xmw, Rmp, Xmw, Rmp, Xmw, Xmw, Xmw, Xmw, Xmw, Xmw, Xmw, Xmw, Xmw, Xmw, Xmw, Xmw, Xmw, Xmw
Xmw, Xmw, Xmw, Xmw, Xmw, Xmw, Xmw, Xmw, Xmw, Xmw, Xmw, Xmw, Xmw, Xmw, Xmw, Xmw, Rmp, Rmp, Rmp, Rmp, Rmp, Rmp, Xmw, Rmp, Rmp, Xmw, Xmw, Xmw, Xmw, Xmw, Xmw, Xmw, Xmw, Xmw, Xmw, Xmw, Xmw, Xmw, Xmw, Xmw, Xmw, Rmp, Xmw, Xmw, Xmw, Xmw, Xmw, Xmw, Xmw, Xmw, Xmw, Xmw, Xmw, Xmw, Xmw, Xmw, Xmw, Xmw, Xmw, Xmw, Xmw, Xmw, Xmw, Xmw, Rmp, Xmw, Rmp, Rmp, Rmp, Xmw, Rmp, Rmp, Xmw, Xmw, Xmw, Xmw, Xmw, Xmw, Xmw, Xmw, Xmw, Xmw, Xmw
Xmw, Xmw, Xmw, Xmw, Xmw, Xmw, Xmw, Xmw, Rmp, Rmp, Rmp, Xmw, Xmw, Xmw, Rmp, Rmp, Rmp, Rmp, Xmw, Xmw, Xmw, Rmp, Rmp, Rmp, Xmw, Rmp, Xmw, Xmw, Xmw, Xmw, Xmw, Xmw, Xmw, Xmw, Xmw, Xmw, Xmw, Xmw, Xmw, Xmw, Xmw, Rmp, Xmw, Xmw, Xmw, Xmw, Xmw, Xmw, Xmw, Xmw, Xmw, Xmw, Xmw, Xmw, Xmw, Xmw, Xmw, Xmw, Xmw, Xmw, Xmw, Xmw, Xmw, Rmp, Rmp, Rmp^Xo, Rmp, Rmp, Rmp, Rmp^Xo, Rmp, Rmp, Xmw, Xmw, Xmw, Xmw, Xmw, Xmw, Xmw, Xmw, Xmw, Xmw, Xmw
Xmw, Xmw, Xmw, Xmw, Xmw, Xmw, Rmp, Rmp, Rmp, Rmp^Ii, Rmp, Rmp, Rmp, Rmp, Rmp, Rmp, Xmw, Xmw, Xmw, Xmw, Xmw, Xmw, Xmw, Rmp, Rmp, Rmp, Rmp^Xo, Rmp, Xmw, Xmw, Xmw, Xmw, Xmw, Xmw, Xmw, Xmw, Xmw, Xmw, Xmw, Xmw, Xmw, Rmp, Xmw, Xmw, Xmw, Xmw, Xmw, Xmw, Xmw, Xmw, Xmw, Xmw, Xmw, Xmw, Xmw, Xmw, Xmw, Xmw, Xmw, Xmw, Xmw, Xmw, Xmw, Xmw, Rmp, Xmw, Rmp, Rmp, Rmp, Xmw, Rmp, Rmp, Xmw, Xmw, Xmw, Xmw, Xmw, Xmw, Xmw, Xmw, Xmw, Xmw, Xmw
Xmw, Xmw, Xmw, Xmw, Xmw, Rmp, Rmp, Rmp^Ii, Rmp, Rmp, Rmp, Rmp, Rmp, Rmp, Rmp, Xmw, Xmw, Xmw, Xmw, Xmw, Xmw, Xmw, Xmw, Rmp, Rmp, Rmp, Rmp^Xo, Rmp, Xmw, Xmw, Xmw, Xmw, Xmw, Xmw, Xmw, Xmw, Xmw, Xmw, Xmw, Xmw, Rmp^Ii, Rmp^Ii, Rmp^Ii, Xmw, Xmw, Xmw, Xmw, Xmw, Xmw, Xmw, Xmw, Xmw, Xmw, Xmw, Xmw, Xmw, Xmw, Xmw, Xmw, Xmw, Xmw, Xmw, Xmw, Xmw, Xmw, Xmw, Rmp, Rmp, Rmp, Xmw, Xmw, Xmw, Xmw, Xmw, Xmw, Xmw, Xmw, Xmw, Xmw, Xmw, Xmw, Xmw, Xmw
Xmw, Xmw, Xmw, Xmw, Rmp, Rmp, Rmp, Rmp, Rmp, Rmp, Rmp, Rmp, Rmp, Rmp, Rmp, Rmp, Rmp, Xmw, Xmw, Xmw, Xmw, Xmw, Xmw, Rmp, Xmw, Rmp, Xmw, Rmp, Xmw, Xmw, Xmw, Xmw, Qxua, Xmw, Xmw, Xmw, Xmw, Xmw, Xmw, Xmw, Rmp^Ii, Rmp^Ii, Rmp^Ii, Xmw, Xmw, Xmw, Xmw, Xmw, Xmw, Xmw, Xmw, Xmw, Xmw, Xmw, Xmw, Xmw, Xmw, Xmw, Xmw, Xmw, Rmp, Xmw, Xmw, Xmw, Xmw, Xmw, Rmp, Rmp, Rmp, Rmp, Rmp, Xmw, Xmw, Xmw, Xmw, Xmw, Xmw, Xmw, Xmw, Xmw, Xmw, Xmw, Xmw
Xmw, Xmw, Xmw, Xmw, Rmp, Rmp^Ii, Rmp, Rmp, Rmp, Rmp, Rmp, Rmp, Rmp, Rmp, Rmp, Rmp^Ii, Rmp, Rmp, Xmw, Xmw, Xmw, Xmw, Xmw, Rmp, Rmp, Rmp, Xmw, Xmw, Xmw, Xmw, Qxua, Qxua, Qxua, Qxua^Cov, Qxua^Kov, Xmw, Xmw, Xmw, Xmw, Xmw, Xmw, Rmp^Ii, Xmw, Xmw, Xmw, Xmw, Xmw, Xmw, Xmw, Xmw, Xmw, Xmw, Xmw, Xmw, Xmw, Xmw, Xmw, Xmw, Rmp, Rmp, Rmp, Rmp, Xmw, Xmw, Rmp, Rmp, Rmp, Xmw, Rmp, Rmp, Rmp, Rmp, Rmp^Xo, Xmw, Xmw, Xmw, Xmw, Xmw, Xmw, Xmw, Xmw, Xmw, Xmw
Xmw, Xmw, Xmw, Rmp, Rmp, Rmp, Rmp^Ii, Rmp, Rmp, Rmp, Rmp, Rmp, Rmp, Rmp^Ii, Rmp, Rmp, Xmw, Xmw, Xmw, Xmw, Xmw, Xmw, Xmw, Rmp, Rmp, Rmp, Xmw, Xmw, Qxua, Qxua, Qxua, Qxua, Qxua, Qxua^Cov, Qxua^Cov, Qxua^Cov, Qxua, Xmw, Xmw, Xmw, Xmw, Rmp, Xmw, Xmw, Xmw, Xmw, Xmw, Xmw, Xmw, Xmw, Rmp, Rmp, Rmp, Xmw, Xmw, Xmw, Xmw, Xmw, Xmw, Rmp, Rmp^Xo, Rmp^Xo, Rmp, Rmp, Xmw, Rmp, Rmp, Rmp, Xmw, Xmw, Xmw, Rmp^Xo, Xmw, Xmw, Xmw, Xmw, Xmw, Xmw, Xmw, Xmw, Xmw, Xmw, Xmw
Xmw, Xmw, Xmw, Rmp, Rmp, Rmp, Rmp, Rmp, Rmp, Rmp^Ii, Rmp, Rmp^Ii, Rmp, Rmp, Xmw, Xmw, Xmw, Xmw, Xmw, Xmw, Xmw, Xmw, Xmw, Rmp, Xmw, Rmp, Xmw, Qxua, Qxua, Qxua, Qxua, Qxua, Qxua, Qxua, Qxua, Qxua, Qxua, Qxua, Xmw, Xmw, Xmw, Rmp, Xmw, Xmw, Xmw, Xmw, Xmw, Xmw, Rmp, Rmp, Rmp, Rmp, Rmp, Rmp, Rmp, Xmw, Xmw, Xmw, Xmw, Xmw, Rmp, Rmp, Rmp, Rmp, Rmp, Rmp, Xmw, Xmw, Xmw, Xmw, Xmw, Xmw, Xmw, Xmw, Xmw, Xmw, Xmw, Xmw, Xmw, Xmw, Xmw, Xmw, Xmw
Xmw, Xmw, Xmw, Rmp, Xmw, Rmp, Xmw, Rmp, Xmw, Rmp, Xmw, Rmp, Xmw, Xmw, Xmw, Xmw, Xmw, Xmw, Xmw, Xmw, Xmw, Xmw, Xmw, Rmp, Rmp, Rmp, Xmw, Qxua, Qxua, Qxua, Qxua^Cov, Qxua, Qxua, Qxua, Qxua, Qxua, Xmw, Xmw, Qxua^Cov, Qxua^Kov, Xmw, Rmp, Xmw, Xmw, Xmw, Xmw, Rmp, Rmp, Rmp, Rmp, Rmp, Rmp, Rmp, Rmp, Rmp, Rmp, Xmw, Xmw, Rmp, Rmp, Xmw, Rmp, Rmp, Rmp, Rmp^Xo, Xmw, Xmw, Xmw, Xmw, Xmw, Xmw, Xmw, Xmw, Xmw, Xmw, Xmw, Xmw, Xmw, Xmw, Xmw, Xmw, Xmw, Xmw
Xmw, Xmw, Xmw, Xmw, Xmw, Xmw, Xmw, Xmw, Xmw, Xmw, Xmw, Xmw, Xmw, Xmw, Xmw, Xmw, Xmw, Xmw, Xmw, Xmw, Xmw, Xmw, Rmp, Rmp, Rmp, Rmp, Rmp, Xmw, Xmw, Qxua^Cov, Cud, Qxua^Cov, Qxua, Qxua, Xmw, Xmw, Qxua, Qxua, Qxua^Cov, Qxua^Cov, Xmw, Rmp, Xmw, Xmw, Rmp, Rmp, Rmp, Rmp, Rmp, Rmp, Rmp, Rmp, Rmp, Rmp, Xmw, Xmw, Rmp, Rmp, Rmp, Rmp, Rmp, Rmp, Xmw, Rmp^Xo, Rmp, Rmp, Rmp, Xmw, Xmw, Xmw, Xmw, Xmw, Xmw, Xmw, Xmw, Xmw, Xmw, Xmw, Xmw, Xmw, Xmw, Xmw, Xmw
Xmw, Xmw, Xmw, Xmw, Xmw, Xmw, Xmw, Xmw, Xmw, Xmw, Xmw, Xmw, Xmw, Xmw, Xmw, Xmw, Xmw, Xmw, Xmw, Xmw, Rmp, Rmp, Rmp, Rmp, Rmp, Rmp, Rmp, Rmp, Rmp, Rmp, Xmw, Qxua^Cov, Xmw, Xmw, Qxua^Cov, Qxua, Qxua, Qxua, Qxua, Qxua^Cov, Xmw, Rmp^Xo, Xmw, Xmw, Xmw, Rmp, Rmp, Rmp, Rmp, Rmp, Rmp, Rmp, Xmw, Xmw, Rmp, Rmp, Rmp, Xmw, Rmp, Rmp, Xmw, Xmw, Xmw, Rmp, Rmp, Rmp, Rmp, Xmw, Xmw, Xmw, Xmw, Xmw, Xmw, Xmw, Xmw, Xmw, Xmw, Xmw, Xmw, Xmw, Xmw, Xmw, Xmw
Xmw, Xmw, Xmw, Xmw, Xmw, Xmw, Xmw, Xmw, Xmw, Xmw, Xmw, Xmw, Xmw, Xmw, Xmw, Xmw, Xmw, Xmw, Rmp, Rmp, Rmp, Rmp, Xmw, Xmw, Xmw, Rmp, Rmp, Rmp, Rmp, Rmp, Rmp, Xmw, Xmw, Qxua^Cov, Cud, Qxua^Cov, Qxua, Qxua, Qxua, Qxua, Xmw, Rmp, Xmw, Xmw, Xmw, Xmw, Xmw, Rmp, Rmp, Rmp, Rmp^Xo, Xmw, Rmp, Rmp, Xmw, Rmp, Rmp, Rmp, Xmw, Xmw, Xmw, Xmw, Xmw, Xmw, Xmw, Rmp, Xmw, Xmw, Xmw, Xmw, Xmw, Xmw, Xmw, Xmw, Xmw, Xmw, Xmw, Xmw, Xmw, Xmw, Xmw, Xmw, Xmw
Xmw, Xmw, Xmw, Xmw, Xmw, Xmw, Xmw, Xmw, Xmw, Xmw, Xmw, Xmw, Xmw, Xmw, Xmw, Xmw, Rmp, Rmp, Rmp, Rmp, Xmw, Xmw, Qxua, Qxua, Qxua^Cov, Xmw, Rmp, Rmp, Rmp, Rmp, Rmp, Rmp, Rmp, Rmp, Xmw, Qxua^Cov, Qxua, Qxua, Qxua, Qxua, Xmw, Rmp, Xmw, Xmw, Xmw, Xmw, Xmw, Xmw, Xmw, Rmp^Xo, Rmp, Rmp, Rmp, Rmp, Rmp, Rmp, Xmw, Xmw, Xmw, Xmw, Xmw, Xmw, Xmw, Xmw, Xmw, Xmw, Xmw, Xmw, Xmw, Xmw, Xmw, Xmw, Xmw, Xmw, Xmw, Xmw, Xmw, Xmw, Xmw, Xmw, Xmw, Xmw, Xmw
Xmw, Xmw, Xmw, Xmw, Xmw, Xmw, Rmp, Rmp, Rmp, Xmw, Xmw, Xmw, Xmw, Xmw, Rmp, Rmp, Rmp, Rmp, Xmw, Xmw, Qxua, Qxua, Qxua, Qxua, Qxua^Cov, Cud, Qxua^Cov, Xmw, Xmw, Rmp, Rmp, Rmp, Rmp, Rmp, Rmp, Xmw, Xmw, Qxua, Qxua, Qxua, Xmw, Rmp, Xmw, Xmw, Xmw, Xmw, Xmw, Xmw, Rmp, Rmp, Rmp, Rmp, Rmp, Rmp, Xmw, Xmw, Rmp, Rmp, Rmp, Xmw, Xmw, Xmw, Xmw, Xmw, Xmw, Xmw, Xmw, Xmw, Xmw, Xmw, Xmw, Xmw, Xmw, Xmw, Xmw, Xmw, Xmw, Xmw, Xmw, Xmw, Xmw, Xmw, Xmw
Xmw, Xmw, Xmw, Xmw, Xmw, Xmw, Xmw, Rmp, Rmp, Rmp, Xmw, Xmw, Rmp, Rmp, Rmp, Rmp, Xmw, Xmw, Qxua, Qxua, Qxua, Qxua, Qxua, Qxua, Qxua, Qxua^Cov, Xmw, Xmw, Qxua^Cov, Xmw, Rmp, Rmp, Rmp, Rmp, Rmp, Rmp, Rmp, Xmw, Xmw, Qxua, Xmw, Rmp, Xmw, Xmw, Xmw, Xmw, Rmp, Rmp, Rmp, Rmp, Rmp, Rmp, Rmp^Xo, Rmp^Xo, Rmp, Rmp, Rmp, Rmp, Rmp, Rmp, Rmp, Xmw, Xmw, Xmw, Xmw, Xmw, Xmw, Xmw, Xmw, Xmw, Xmw, Xmw, Xmw, Xmw, Xmw, Xmw, Xmw, Xmw, Xmw, Xmw, Xmw, Xmw, Xmw
Xmw, Xmw, Rmp, Rmp, Rmp, Xmw, Xmw, Xmw, Xmw, Rmp^Xo, Rmp, Rmp, Rmp, Rmp, Xmw, Xmw, Xmw, Qxua, Qxua^Cov, Qxua^Cov, Qxua^Cov, Qxua, Qxua, Qxua, Xmw, Xmw, Qxua, Qxua, Qxua^Cov, Cud, Qxua^Cov, Xmw, Xmw, Rmp, Rmp, Rmp, Rmp, Rmp, Rmp, Xmw, Xmw, Rmp, Xmw, Xmw, Rmp, Rmp, Rmp, Rmp, Rmp, Rmp, Xmw, Rmp^Xo, Rmp, Rmp, Rmp, Rmp, Rmp, Rmp, Rmp, Rmp, Rmp, Rmp, Rmp, Xmw, Xmw, Xmw, Xmw, Xmw, Xmw, Xmw, Xmw, Xmw, Xmw, Xmw, Xmw, Xmw, Xmw, Xmw, Xmw, Xmw, Xmw, Xmw, Xmw
Xmw, Xmw, Xmw, Rmp, Rmp, Rmp, Xmw, Xmw, Rmp, Rmp, Rmp, Rmp, Xmw, Xmw, Xmw, Xmw, Xmw, Xmw, Xmw, Qxua^Kov, Qxua^Cov, Qxua, Xmw, Xmw, Qxua, Qxua, Qxua, Qxua, Qxua, Qxua^Cov, Qxua, Qxua, Xmw, Xmw, Rmp, Rmp, Rmp, Rmp, Rmp, Rmp, Rmp, Rmp, Rmp, Rmp, Rmp, Rmp, Rmp, Rmp, Xmw, Xmw, Rmp, Rmp, Rmp, Rmp, Rmp, Rmp, Rmp, Rmp, Rmp, Rmp, Rmp, Rmp, Rmp, Rmp, Xmw, Xmw, Xmw, Xmw, Xmw, Xmw, Xmw, Xmw, Xmw, Xmw, Xmw, Xmw, Xmw, Xmw, Xmw, Xmw, Xmw, Xmw, Xmw
Xmw, Xmw, Xmw, Xmw, Xmw, Rmp^Xo, Rmp, Rmp, Rmp, Rmp, Xmw, Rmp^Xo, Rmp, Xmw, Xmw, Xmw, Xmw, Xmw, Xmw, Xmw, Xmw, Xmw, Qxua, Qxua, Qxua, Qxua, Qxua, Qxua, Qxua, Qxua, Xmw, Xmw, Qxua, Rmp, Kud, Xmw, Xmw, Rmp, Rmp, Rmp, Rmp, Rmp, Rmp, Rmp, Rmp, Rmp, Xmw, Xmw, Rmp, Rmp, Rmp, Rmp, Rmp, Rmp, Rmp, Rmp, Rmp, Rmp, Rmp, Rmp, Rmp, Rmp, Xmw, Xmw, Xmw, Xmw, Xmw, Xmw, Xmw, Xmw, Xmw, Xmw, Xmw, Xmw, Xmw, Xmw, Xmw, Xmw, Xmw, Xmw, Xmw, Xmw, Xmw
Rmp, Xmw, Xmw, Xmw, Rmp, Rmp, Rmp, Rmp, Xmw, Xmw, Rmp, Rmp, Rmp, Rmp, Xmw, Xmw, Xmw, Xmw, Xmw, Xmw, Xmw, Qxua, Qxua^Cov, Qxua^Cov, Qxua^Cov, Qxua, Qxua, Qxua, Xmw, Xmw, Qxua, Qxua, Qxua, Qxua^Cov, Qxua^Cov, Qxua^Cov, Qxua, Xmw, Xmw, Rmp, Rmp, Rmp, Rmp, Rmp, Xmw, Xmw, Xmw, Xmw, Xmw, Rmp, Rmp, Rmp, Rmp, Rmp, Rmp, Rmp, Rmp, Rmp, Rmp, Rmp, Xmw, Xmw, Xmw, Xmw, Xmw, Xmw, Xmw, Xmw, Xmw, Xmw, Xmw, Xmw, Xmw, Xmw, Xmw, Xmw, Xmw, Xmw, Xmw, Xmw, Xmw, Xmw, Xmw
Xmw, Rmp^Xo, Rmp, Rmp, Rmp, Rmp, Xmw, Rmp^Xo, Rmp, Xmw, Xmw, Rmp, Xmw, Rmp, Xmw, Xmw, Xmw, Xmw, Xmw, Xmw, Xmw, Xmw, Xmw, Qxua^Kov, Qxua^Cov, Qxua, Xmw, Xmw, Qxua, Qxua, Qxua, Qxua, Qxua, Qxua, Qxua, Qxua, Qxua, Qxua, Qxua, Xmw, Rmp, Rmp, Rmp, Xmw, Xmw, Xmw, Xmw, Xmw, Xmw, Xmw, Xmw, Rmp, Rmp, Rmp, Rmp, Rmp, Rmp, Rmp, Xmw, Xmw, Xmw, Xmw, Xmw, Xmw, Xmw, Xmw, Xmw, Xmw, Xmw, Xmw, Xmw, Xmw, Xmw, Xmw, Xmw, Xmw, Xmw, Xmw, Xmw, Xmw, Xmw, Xmw, Xmw
Rmp, Rmp, Rmp, Rmp, Xmw, Xmw, Xmw, Rmp, Rmp, Rmp, Rmp, Xmw, Xmw, Xmw, Xmw, Xmw, Xmw, Xmw, Xmw, Xmw, Xmw, Xmw, Xmw, Xmw, Xmw, Xmw, Xmw, Xmw, Xmw, Qxua, Qxua, Qxua, Qxua, Qxua, Qxua, Qxua, Qxua, Qxua, Qxua, Xmw, Rmp, Rmp, Rmp, Xmw, Xmw, Xmw, Xmw, Xmw, Xmw, Xmw, Xmw, Xmw, Xmw, Rmp, Rmp, Rmp, Xmw, Xmw, Xmw, Xmw, Xmw, Xmw, Xmw, Xmw, Xmw, Xmw, Xmw, Xmw, Xmw, Xmw, Xmw, Xmw, Xmw, Xmw, Xmw, Xmw, Xmw, Xmw, Xmw, Xmw, Xmw, Xmw, Xmw
Rmp, Rmp, Xmw, Rmp^Xo, Xmw, Xmw, Xmw, Xmw, Xmw, Rmp, Xmw, Xmw, Xmw, Xmw, Xmw, Xmw, Xmw, Xmw, Xmw, Xmw, Xmw, Xmw, Xmw, Xmw, Xmw, Xmw, Xmw, Xmw, Xmw, Xmw, Xmw, Qxua, Qxua, Qxua, Qxua, Qxua, Qxua, Qxua, Qxua, Xmw, Rmp, Rmp, Rmp, Xmw, Xmw, Xmw, Xmw, Xmw, Xmw, Xmw, Xmw, Xmw, Xmw, Xmw, Xmw, Xmw, Xmw, Xmw, Xmw, Xmw, Xmw, Xmw, Xmw, Xmw, Xmw, Xmw, Xmw, Xmw, Xmw, Xmw, Xmw, Xmw, Xmw, Xmw, Xmw, Xmw, Xmw, Xmw, Xmw, Xmw, Xmw, Xmw, Xmw
Xmw, Xmw, Xmw, Xmw, Xmw, Xmw, Xmw, Xmw, Xmw, Xmw, Xmw, Xmw, Xmw, Xmw, Xmw, Xmw, Xmw, Xmw, Xmw, Xmw, Xmw, Xmw, Xmw, Xmw, Xmw, Xmw, Xmw, Xmw, Xmw, Xmw, Xmw, Xmw, Xmw, Qxua, Qxua^Cov, Qxua^Cov, Qxua^Cov, Qxua, Xmw, Xmw, Rmp, Rmp, Rmp, Xmw, Xmw, Xmw, Xmw, Xmw, Xmw, Xmw, Xmw, Xmw, Xmw, Xmw, Xmw, Xmw, Xmw, Xmw, Xmw, Xmw, Xmw, Xmw, Xmw, Xmw, Xmw, Xmw, Xmw, Xmw, Xmw, Xmw, Xmw, Xmw, Xmw, Xmw, Xmw, Xmw, Xmw, Xmw, Xmw, Xmw, Xmw, Xmw, Xmw
Xmw, Xmw, Xmw, Xmw, Xmw, Xmw, Xmw, Xmw, Xmw, Xmw, Xmw, Xmw, Xmw, Xmw, Xmw, Xmw, Xmw, Xmw, Xmw, Xmw, Xmw, Xmw, Xmw, Xmw, Xmw, Xmw, Xmw, Xmw, Xmw, Xmw, Xmw, Xmw, Xmw, Xmw, Xmw, Qxua^Kov, Xmw, Xmw, Rmp, Rmp, Rmp, Rmp, Rmp, Rmp, Rmp, Xmw, Xmw, Xmw, Xmw, Xmw, Xmw, Xmw, Xmw, Xmw, Xmw, Xmw, Xmw, Xmw, Xmw, Xmw, Xmw, Xmw, Xmw, Xmw, Xmw, Xmw, Xmw, Xmw, Xmw, Xmw, Xmw, Xmw, Xmw, Xmw, Xmw, Xmw, Xmw, Xmw, Xmw, Xmw, Xmw, Xmw, Xmw
Xmw, Xmw, Xmw, Xmw, Xmw, Xmw, Xmw, Xmw, Xmw, Xmw, Xmw, Xmw, Xmw, Xmw, Xmw, Xmw, Xmw, Xmw, Xmw, Xmw, Xmw, Xmw, Xmw, Xmw, Xmw, Xmw, Xmw, Xmw, Xmw, Xmw, Xmw, Xmw, Xmw, Xmw, Xmw, Xmw, Rmp, Rmp, Rmp, Rmp, Rmp, Rmp, Rmp, Rmp, Rmp, Rmp, Rmp, Xmw, Xmw, Xmw, Xmw, Xmw, Xmw, Xmw, Xmw, Xmw, Xmw, Xmw, Xmw, Xmw, Xmw, Xmw, Xmw, Xmw, Xmw, Xmw, Xmw, Xmw, Xmw, Xmw, Xmw, Xmw, Xmw, Xmw, Xmw, Xmw, Xmw, Xmw, Xmw, Xmw, Xmw, Xmw, Xmw
Xmw, Xmw, Xmw, Xmw, Xmw, Xmw, Xmw, Xmw, Xmw, Xmw, Xmw, Xmw, Xmw, Xmw, Xmw, Xmw, Xmw, Xmw, Xmw, Xmw, Xmw, Xmw, Xmw, Xmw, Xmw, Xmw, Xmw, Xmw, Xmw, Xmw, Xmw, Xmw, Xmw, Xmw, Xmw, Rmp, Rmp, Rmp, Rmp, Xmw, Rmp, Rmp, Rmp, Xmw, Rmp, Rmp, Rmp, Rmp, Xmw, Xmw, Xmw, Xmw, Xmw, Xmw, Xmw, Xmw, Xmw, Xmw, Xmw, Xmw, Xmw, Xmw, Xmw, Xmw, Xmw, Xmw, Xmw, Xmw, Xmw, Xmw, Xmw, Xmw, Xmw, Xmw, Xmw, Xmw, Xmw, Xmw, Xmw, Xmw, Xmw, Xmw, Xmw
Xmw, Xmw, Xmw, Xmw, Xmw, Xmw, Xmw, Xmw, Xmw, Xmw, Xmw, Xmw, Xmw, Xmw, Xmw, Xmw, Xmw, Xmw, Xmw, Xmw, Xmw, Xmw, Xmw, Xmw, Xmw, Xmw, Xmw, Xmw, Xmw, Xmw, Xmw, Xmw, Xmw, Xmw, Xmw, Rmp, Rmp, Xmw, Rmp, Rmp, Rmp, Rmp, Rmp, Rmp, Rmp, Xmw, Rmp, Rmp, Xmw, Xmw, Xmw, Xmw, Xmw, Xmw, Xmw, Xmw, Xmw, Xmw, Xmw, Xmw, Xmw, Xmw, Xmw, Xmw, Xmw, Xmw, Xmw, Xmw, Xmw, Xmw, Xmw, Xmw, Xmw, Xmw, Xmw, Xmw, Xmw, Xmw, Xmw, Xmw, Xmw, Xmw, Xmw
Xmw, Xmw, Xmw, Xmw, Xmw, Xmw, Xmw, Xmw, Xmw, Xmw, Xmw, Xmw, Xmw, Xmw, Xmw, Xmw, Xmw, Xmw, Xmw, Xmw, Xmw, Xmw, Xmw, Xmw, Xmw, Xmw, Xmw, Xmw, Xmw, Xmw, Xmw, Xmw, Xmw, Xmw, Xmw, Rmp, Rmp, Rmp, Rmp, Rmp, Rmp, Rmp^As, Rmp, Rmp, Rmp, Rmp, Rmp, Rmp, Xmw, Xmw, Xmw, Xmw, Xmw, Xmw, Xmw, Xmw, Xmw, Xmw, Xmw, Xmw, Xmw, Xmw, Xmw, Xmw, Xmw, Xmw, Xmw, Xmw, Xmw, Xmw, Xmw, Xmw, Xmw, Xmw, Xmw, Xmw, Xmw, Xmw, Xmw, Xmw, Xmw, Xmw, Xmw
Xmw, Xmw, Xmw, Xmw, Xmw, Xmw, Xmw, Xmw, Xmw, Xmw, Xmw, Xmw, Xmw, Xmw, Xmw, Xmw, Xmw, Xmw, Xmw, Xmw, Xmw, Xmw, Xmw, Xmw, Xmw, Xmw, Xmw, Xmw, Xmw, Xmw, Xmw, Xmw, Xmw, Xmw, Xmw, Rmp, Rmp, Rmp, Rmp, Rmp, Rmp, Rmp, Rmp, Rmp, Rmp, Rmp, Rmp, Rmp, Xmw, Xmw, Xmw, Xmw, Xmw, Xmw, Xmw, Xmw, Xmw, Xmw, Xmw, Xmw, Xmw, Xmw, Xmw, Xmw, Xmw, Xmw, Xmw, Xmw, Xmw, Xmw, Xmw, Xmw, Xmw, Xmw, Xmw, Xmw, Xmw, Xmw, Xmw, Xmw, Xmw, Xmw, Xmw
Xmw, Xmw, Xmw, Xmw, Xmw, Xmw, Xmw, Xmw, Xmw, Xmw, Xmw, Xmw, Xmw, Xmw, Xmw, Xmw, Xmw, Xmw, Xmw, Xmw, Xmw, Xmw, Xmw, Xmw, Xmw, Xmw, Xmw, Xmw, Xmw, Xmw, Xmw, Xmw, Xmw, Xmw, Xmw, Rmp, Rmp, Xmw, Rmp, Rmp, Rmp, Rmp, Rmp, Rmp, Rmp, Xmw, Rmp, Rmp, Xmw, Rmp, Rmp, Xmw, Xmw, Xmw, Xmw, Xmw, Xmw, Xmw, Xmw, Xmw, Xmw, Xmw, Xmw, Xmw, Xmw, Xmw, Xmw, Xmw, Xmw, Xmw, Xmw, Xmw, Xmw, Xmw, Xmw, Xmw, Xmw, Xmw, Xmw, Xmw, Xmw, Xmw, Xmw
Xmw, Xmw, Xmw, Xmw, Xmw, Xmw, Xmw, Xmw, Xmw, Xmw, Xmw, Xmw, Xmw, Xmw, Xmw, Xmw, Xmw, Xmw, Xmw, Xmw, Xmw, Xmw, Xmw, Xmw, Xmw, Xmw, Xmw, Xmw, Xmw, Xmw, Xmw, Xmw, Rmp, Rmp, Rmp^Xo, Rmp, Rmp, Rmp, Rmp, Rmp, Rmp, Rmp, Rmp, Rmp, Rmp, Rmp, Rmp, Rmp, Rmp^Xo, Rmp, Rmp, Xmw, Xmw, Xmw, Xmw, Xmw, Xmw, Xmw, Xmw, Xmw, Xmw, Xmw, Xmw, Xmw, Xmw, Xmw, Xmw, Xmw, Xmw, Xmw, Xmw, Xmw, Xmw, Xmw, Xmw, Xmw, Xmw, Xmw, Xmw, Xmw, Xmw, Xmw, Xmw
Xmw, Xmw, Xmw, Xmw, Xmw, Xmw, Xmw, Xmw, Xmw, Xmw, Xmw, Xmw, Xmw, Xmw, Xmw, Xmw, Xmw, Xmw, Xmw, Xmw, Xmw, Xmw, Xmw, Xmw, Xmw, Xmw, Xmw, Xmw, Xmw, Xmw, Xmw, Xmw, Rmp, Rmp, Xmw, Rmp, Rmp, Rmp, Rmp, Rmp, Rmp, Rmp, Rmp, Rmp, Rmp, Rmp, Rmp, Rmp, Xmw, Rmp, Rmp, Xmw, Xmw, Xmw, Xmw, Xmw, Xmw, Xmw, Xmw, Xmw, Xmw, Xmw, Xmw, Xmw, Xmw, Xmw, Xmw, Xmw, Xmw, Xmw, Xmw, Xmw, Xmw, Xmw, Xmw, Xmw, Xmw, Xmw, Xmw, Xmw, Xmw, Xmw, Xmw
Xmw, Xmw, Xmw, Xmw, Xmw, Xmw, Xmw, Xmw, Xmw, Xmw, Xmw, Xmw, Xmw, Xmw, Xmw, Xmw, Xmw, Xmw, Xmw, Xmw, Xmw, Xmw, Xmw, Xmw, Xmw, Xmw, Xmw, Xmw, Xmw, Xmw, Xmw, Xmw, Xmw, Rmp, Xmw, Rmp, Rmp, Xmw, Rmp, Rmp, Rmp, Rmp, Rmp, Rmp, Rmp, Xmw, Rmp, Rmp, Xmw, Rmp, Xmw, Xmw, Xmw, Xmw, Xmw, Xmw, Xmw, Xmw, Xmw, Xmw, Xmw, Xmw, Xmw, Xmw, Xmw, Xmw, Xmw, Xmw, Xmw, Xmw, Xmw, Xmw, Xmw, Xmw, Xmw, Xmw, Xmw, Xmw, Xmw, Xmw, Xmw, Xmw, Xmw
Xmw, Xmw, Xmw, Xmw, Xmw, Xmw, Xmw, Xmw, Xmw, Xmw, Xmw, Xmw, Xmw, Xmw, Xmw, Xmw, Xmw, Xmw, Xmw, Xmw, Xmw, Xmw, Xmw, Xmw, Xmw, Xmw, Xmw, Xmw, Xmw, Xmw, Xmw, Xmw, Xmw, Xmw, Xmw, Rmp, Rmp, Rmp, Rmp, Rmp, Rmp, Rmp, Rmp, Rmp, Rmp, Rmp, Rmp, Rmp, Xmw, Xmw, Xmw, Xmw, Xmw, Xmw, Xmw, Xmw, Xmw, Xmw, Xmw, Xmw, Xmw, Xmw, Xmw, Xmw, Xmw, Xmw, Xmw, Xmw, Xmw, Xmw, Xmw, Xmw, Xmw, Xmw, Xmw, Xmw, Xmw, Xmw, Xmw, Xmw, Xmw, Xmw, Xmw
Xmw, Xmw, Xmw, Xmw, Xmw, Xmw, Xmw, Xmw, Xmw, Xmw, Xmw, Xmw, Xmw, Xmw, Xmw, Xmw, Xmw, Xmw, Xmw, Xmw, Xmw, Xmw, Xmw, Xmw, Xmw, Xmw, Xmw, Xmw, Xmw, Xmw, Xmw, Xmw, Xmw, Xmw, Xmw, Rmp, Rmp, Rmp, Rmp, Rmp, Rmp, Rmp, Rmp, Rmp, Rmp, Rmp, Rmp, Rmp, Xmw, Xmw, Rmp, Xmw, Xmw, Xmw, Xmw, Xmw, Xmw, Xmw, Xmw, Xmw, Xmw, Xmw, Xmw, Xmw, Xmw, Xmw, Xmw, Xmw, Xmw, Xmw, Xmw, Xmw, Xmw, Xmw, Xmw, Xmw, Xmw, Xmw, Xmw, Xmw, Xmw, Xmw, Xmw
Xmw, Xmw, Xmw, Xmw, Xmw, Xmw, Xmw, Xmw, Xmw, Xmw, Xmw, Xmw, Xmw, Xmw, Xmw, Xmw, Xmw, Xmw, Xmw, Xmw, Xmw, Xmw, Xmw, Xmw, Xmw, Xmw, Xmw, Xmw, Xmw, Xmw, Xmw, Xmw, Rmp, Rmp, Xmw, Rmp, Rmp, Xmw, Rmp, Rmp, Rmp, Rmp, Rmp, Rmp, Rmp, Xmw, Rmp, Rmp, Xmw, Rmp, Rmp, Xmw, Xmw, Xmw, Xmw, Xmw, Xmw, Xmw, Xmw, Xmw, Xmw, Xmw, Xmw, Xmw, Xmw, Xmw, Xmw, Xmw, Xmw, Xmw, Xmw, Xmw, Xmw, Xmw, Xmw, Xmw, Xmw, Xmw, Xmw, Xmw, Xmw, Xmw, Xmw
Xmw, Xmw, Xmw, Xmw, Xmw, Xmw, Xmw, Xmw, Xmw, Xmw, Xmw, Xmw, Xmw, Xmw, Xmw, Xmw, Xmw, Xmw, Xmw, Xmw, Xmw, Xmw, Xmw, Xmw, Xmw, Xmw, Xmw, Xmw, Xmw, Xmw, Xmw, Rmp, Rmp, Rmp, Rmp^Xo, Rmp, Rmp, Rmp, Rmp, Rmp, Rmp, Rmp, Rmp, Rmp, Rmp, Rmp, Rmp, Rmp, Rmp^Xo, Rmp, Rmp, Rmp, Xmw, Xmw, Xmw, Xmw, Xmw, Xmw, Xmw, Xmw, Xmw, Xmw, Xmw, Xmw, Xmw, Xmw, Xmw, Xmw, Xmw, Xmw, Xmw, Xmw, Xmw, Xmw, Xmw, Xmw, Xmw, Xmw, Xmw, Xmw, Xmw, Xmw, Xmw
Xmw, Xmw, Xmw, Xmw, Xmw, Xmw, Xmw, Xmw, Xmw, Xmw, Xmw, Xmw, Xmw, Xmw, Xmw, Xmw, Xmw, Xmw, Xmw, Xmw, Xmw, Xmw, Xmw, Xmw, Xmw, Xmw, Xmw, Xmw, Xmw, Xmw, Xmw, Rmp, Rmp, Rmp, Xmw, Rmp, Rmp, Rmp, Rmp, Rmp, Rmp, Rmp, Rmp, Rmp, Rmp, Rmp, Rmp, Rmp, Xmw, Rmp, Rmp, Rmp, Xmw, Xmw, Xmw, Xmw, Xmw, Xmw, Xmw, Xmw, Xmw, Xmw, Xmw, Xmw, Xmw, Xmw, Xmw, Xmw, Xmw, Xmw, Xmw, Xmw, Xmw, Xmw, Xmw, Xmw, Xmw, Xmw, Xmw, Xmw, Xmw, Xmw, Xmw
Xmw, Xmw, Xmw, Xmw, Xmw, Xmw, Xmw, Xmw, Xmw, Xmw, Xmw, Xmw, Xmw, Xmw, Xmw, Xmw, Xmw, Xmw, Xmw, Xmw, Xmw, Xmw, Xmw, Xmw, Xmw, Xmw, Xmw, Xmw, Xmw, Xmw, Xmw, Xmw, Rmp, Rmp, Xmw, Rmp, Rmp, Xmw, Rmp, Rmp, Rmp, Rmp, Rmp, Rmp, Rmp, Xmw, Rmp, Rmp, Xmw, Rmp, Xmw, Xmw, Xmw, Xmw, Xmw, Xmw, Xmw, Xmw, Xmw, Xmw, Xmw, Xmw, Xmw, Xmw, Xmw, Xmw, Xmw, Xmw, Xmw, Xmw, Xmw, Xmw, Xmw, Xmw, Xmw, Xmw, Xmw, Xmw, Xmw, Xmw, Xmw, Xmw, Xmw
Xmw, Xmw, Xmw, Xmw, Xmw, Xmw, Xmw, Xmw, Xmw, Xmw, Xmw, Xmw, Xmw, Xmw, Xmw, Xmw, Xmw, Xmw, Xmw, Xmw, Xmw, Xmw, Xmw, Xmw, Xmw, Xmw, Xmw, Xmw, Xmw, Xmw, Xmw, Xmw, Xmw, Rmp, Xmw, Rmp, Rmp, Rmp, Rmp, Rmp, Rmp, Rmp, Rmp, Rmp, Rmp, Rmp, Rmp, Rmp, Xmw, Xmw, Xmw, Xmw, Xmw, Xmw, Xmw, Xmw, Xmw, Xmw, Xmw, Xmw, Xmw, Xmw, Xmw, Xmw, Xmw, Xmw, Xmw, Xmw, Xmw, Xmw, Xmw, Xmw, Xmw, Xmw, Xmw, Xmw, Xmw, Xmw, Xmw, Xmw, Xmw, Xmw, Xmw
Xmw, Xmw, Xmw, Xmw, Xmw, Xmw, Xmw, Xmw, Xmw, Xmw, Xmw, Xmw, Xmw, Xmw, Xmw, Xmw, Xmw, Xmw, Xmw, Xmw, Xmw, Xmw, Xmw, Xmw, Xmw, Xmw, Xmw, Xmw, Xmw, Xmw, Xmw, Xmw, Xmw, Xmw, Xmw, Rmp, Rmp, Rmp, Rmp, Rmp, Rmp, Rmp, Rmp, Rmp, Rmp, Rmp, Rmp, Rmp, Xmw, Xmw, Xmw, Xmw, Xmw, Xmw, Xmw, Xmw, Xmw, Xmw, Xmw, Xmw, Xmw, Xmw, Xmw, Xmw, Xmw, Xmw, Xmw, Xmw, Xmw, Xmw, Xmw, Xmw, Xmw, Xmw, Xmw, Xmw, Xmw, Xmw, Xmw, Xmw, Xmw, Xmw, Xmw
Xmw, Xmw, Xmw, Xmw, Xmw, Xmw, Xmw, Xmw, Xmw, Xmw, Xmw, Xmw, Xmw, Xmw, Xmw, Xmw, Xmw, Xmw, Xmw, Xmw, Xmw, Xmw, Xmw, Xmw, Xmw, Xmw, Xmw, Xmw, Xmw, Xmw, Xmw, Xmw, Rmp, Rmp, Xmw, Rmp, Rmp, Xmw, Rmp, Rmp, Rmp, Rmp, Rmp, Rmp, Rmp, Xmw, Rmp, Rmp, Xmw, Rmp, Xmw, Xmw, Xmw, Xmw, Xmw, Xmw, Xmw, Xmw, Xmw, Xmw, Xmw, Xmw, Xmw, Xmw, Xmw, Xmw, Xmw, Xmw, Xmw, Xmw, Xmw, Xmw, Xmw, Xmw, Xmw, Xmw, Xmw, Xmw, Xmw, Xmw, Xmw, Xmw, Xmw
Xmw, Xmw, Xmw, Xmw, Xmw, Xmw, Xmw, Xmw, Xmw, Xmw, Xmw, Xmw, Xmw, Xmw, Xmw, Xmw, Xmw, Xmw, Xmw, Xmw, Xmw, Xmw, Xmw, Xmw, Xmw, Xmw, Xmw, Xmw, Xmw, Xmw, Xmw, Xmw, Rmp, Rmp, Rmp^Xo, Rmp, Rmp, Rmp, Rmp, Rmp, Rmp, Rmp, Rmp, Rmp, Rmp, Rmp, Rmp, Rmp, Rmp^Xo, Rmp, Rmp, Xmw, Xmw, Xmw, Xmw, Xmw, Xmw, Xmw, Xmw, Xmw, Xmw, Xmw, Xmw, Xmw, Xmw, Xmw, Xmw, Xmw, Xmw, Xmw, Xmw, Xmw, Xmw, Xmw, Xmw, Xmw, Xmw, Xmw, Xmw, Xmw, Xmw, Xmw, Xmw
Xmw, Xmw, Xmw, Xmw, Xmw, Xmw, Xmw, Xmw, Xmw, Xmw, Xmw, Xmw, Xmw, Xmw, Xmw, Xmw, Xmw, Xmw, Xmw, Xmw, Xmw, Xmw, Xmw, Xmw, Xmw, Xmw, Xmw, Xmw, Xmw, Xmw, Xmw, Xmw, Rmp, Rmp, Xmw, Rmp, Rmp, Rmp, Rmp, Rmp, Rmp, Rmp, Rmp, Rmp, Rmp, Rmp, Rmp, Rmp, Xmw, Rmp, Xmw, Xmw, Xmw, Xmw, Xmw, Xmw, Xmw, Xmw, Xmw, Xmw, Xmw, Xmw, Xmw, Xmw, Xmw, Xmw, Xmw, Xmw, Xmw, Xmw, Xmw, Xmw, Xmw, Xmw, Xmw, Xmw, Xmw, Xmw, Xmw, Xmw, Xmw, Xmw, Xmw
Xmw, Xmw, Xmw, Xmw, Xmw, Xmw, Xmw, Xmw, Xmw, Xmw, Xmw, Xmw, Xmw, Xmw, Xmw, Xmw, Xmw, Xmw, Xmw, Xmw, Xmw, Xmw, Xmw, Xmw, Xmw, Xmw, Xmw, Xmw, Xmw, Xmw, Xmw, Xmw, Xmw, Rmp, Xmw, Rmp, Rmp, Xmw, Rmp, Rmp, Rmp, Rmp, Rmp, Rmp, Rmp, Xmw, Rmp, Rmp, Xmw, Xmw, Xmw, Xmw, Xmw, Xmw, Xmw, Xmw, Xmw, Xmw, Xmw, Xmw, Xmw, Xmw, Xmw, Xmw, Xmw, Xmw, Xmw, Xmw, Xmw, Xmw, Xmw, Xmw, Xmw, Xmw, Xmw, Xmw, Xmw, Xmw, Xmw, Xmw, Xmw, Xmw, Xmw
Xmw, Xmw, Xmw, Xmw, Xmw, Xmw, Xmw, Xmw, Xmw, Xmw, Xmw, Xmw, Xmw, Xmw, Xmw, Xmw, Xmw, Xmw, Xmw, Xmw, Xmw, Xmw, Xmw, Xmw, Xmw, Xmw, Xmw, Xmw, Xmw, Xmw, Xmw, Xmw, Xmw, Xmw, Xmw, Rmp, Rmp, Rmp, Rmp, Rmp, Rmp, Rmp, Rmp, Rmp, Rmp, Rmp, Rmp, Rmp, Xmw, Xmw, Xmw, Xmw, Xmw, Xmw, Xmw, Xmw, Xmw, Xmw, Xmw, Xmw, Xmw, Xmw, Xmw, Xmw, Xmw, Xmw, Xmw, Xmw, Xmw, Xmw, Xmw, Xmw, Xmw, Xmw, Xmw, Xmw, Xmw, Xmw, Xmw, Xmw, Xmw, Xmw, Xmw
Xmw, Xmw, Xmw, Xmw, Xmw, Xmw, Xmw, Xmw, Xmw, Xmw, Xmw, Xmw, Xmw, Xmw, Xmw, Xmw, Xmw, Xmw, Xmw, Xmw, Xmw, Xmw, Xmw, Xmw, Xmw, Xmw, Xmw, Xmw, Xmw, Xmw, Xmw, Xmw, Xmw, Xmw, Xmw, Rmp, Rmp, Rmp, Rmp, Rmp, Rmp, Rmp, Rmp, Rmp, Rmp, Rmp, Rmp, Rmp, Xmw, Xmw, Xmw, Xmw, Xmw, Xmw, Xmw, Xmw, Xmw, Xmw, Xmw, Xmw, Xmw, Xmw, Xmw, Xmw, Xmw, Xmw, Xmw, Xmw, Xmw, Xmw, Xmw, Xmw, Xmw, Xmw, Xmw, Xmw, Xmw, Xmw, Xmw, Xmw, Xmw, Xmw, Xmw
Xmw, Xmw, Xmw, Xmw, Xmw, Xmw, Xmw, Xmw, Xmw, Xmw, Xmw, Xmw, Xmw, Xmw, Xmw, Xmw, Xmw, Xmw, Xmw, Xmw, Xmw, Xmw, Xmw, Xmw, Xmw, Xmw, Xmw, Xmw, Xmw, Xmw, Xmw, Xmw, Xmw, Xmw, Xmw, Rmp, Rmp, Xmw, Rmp, Rmp, Rmp, Rmp, Rmp, Rmp, Rmp, Xmw, Rmp, Rmp, Xmw, Xmw, Xmw, Xmw, Xmw, Xmw, Xmw, Xmw, Xmw, Xmw, Xmw, Xmw, Xmw, Xmw, Xmw, Xmw, Xmw, Xmw, Xmw, Xmw, Xmw, Xmw, Xmw, Xmw, Xmw, Xmw, Xmw, Xmw, Xmw, Xmw, Xmw, Xmw, Xmw, Xmw, Xmw
Xmw, Xmw, Xmw, Xmw, Xmw, Xmw, Xmw, Xmw, Xmw, Xmw, Xmw, Xmw, Xmw, Xmw, Xmw, Xmw, Xmw, Xmw, Xmw, Xmw, Xmw, Xmw, Xmw, Xmw, Xmw, Xmw, Xmw, Xmw, Xmw, Xmw, Xmw, Xmw, Xmw, Xmw, Xmw, Rmp, Rmp, Rmp, Rmp, Rmp, Rmp, Rmp, Rmp, Rmp, Rmp, Rmp, Rmp, Rmp, Xmw, Xmw, Xmw, Xmw, Xmw, Xmw, Xmw, Xmw, Xmw, Xmw, Xmw, Xmw, Xmw, Xmw, Xmw, Xmw, Xmw, Xmw, Xmw, Xmw, Xmw, Xmw, Xmw, Xmw, Xmw, Xmw, Xmw, Xmw, Xmw, Xmw, Xmw, Xmw, Xmw, Xmw, Xmw
Xmw, Xmw, Xmw, Xmw, Xmw, Xmw, Xmw, Xmw, Xmw, Xmw, Xmw, Xmw, Xmw, Xmw, Xmw, Xmw, Xmw, Xmw, Xmw, Xmw, Xmw, Xmw, Xmw, Xmw, Xmw, Xmw, Xmw, Xmw, Xmw, Xmw, Xmw, Xmw, Xmw, Xmw, Xmw, Rmp, Rmp, Rmp, Xmw, Rmp, Rmp, Rmp, Rmp, Rmp, Xmw, Rmp, Rmp, Rmp, Xmw, Xmw, Xmw, Xmw, Xmw, Xmw, Xmw, Xmw, Xmw, Xmw, Xmw, Xmw, Xmw, Xmw, Xmw, Xmw, Xmw, Xmw, Xmw, Xmw, Xmw, Xmw, Xmw, Xmw, Xmw, Xmw, Xmw, Xmw, Xmw, Xmw, Xmw, Xmw, Xmw, Xmw, Xmw
Xmw, Xmw, Xmw, Xmw, Xmw, Xmw, Xmw, Xmw, Xmw, Xmw, Xmw, Xmw, Xmw, Xmw, Xmw, Xmw, Xmw, Xmw, Xmw, Xmw, Xmw, Xmw, Xmw, Xmw, Xmw, Xmw, Xmw, Xmw, Xmw, Xmw, Xmw, Xmw, Xmw, Xmw, Xmw, Rmp, Rmp, Rmp, Rmp, Rmp, Rmp, Rmp, Rmp, Rmp, Rmp, Rmp, Rmp, Rmp, Xmw, Xmw, Xmw, Xmw, Xmw, Xmw, Xmw, Xmw, Xmw, Xmw, Xmw, Xmw, Xmw, Xmw, Xmw, Xmw, Xmw, Xmw, Xmw, Xmw, Xmw, Xmw, Xmw, Xmw, Xmw, Xmw, Xmw, Xmw, Xmw, Xmw, Xmw, Xmw, Xmw, Xmw, Xmw
Xmw, Xmw, Xmw, Xmw, Xmw, Xmw, Xmw, Xmw, Xmw, Xmw, Xmw, Xmw, Xmw, Xmw, Xmw, Xmw, Xmw, Xmw, Xmw, Xmw, Xmw, Xmw, Xmw, Xmw, Xmw, Xmw, Xmw, Xmw, Xmw, Xmw, Xmw, Xmw, Xmw, Xmw, Xmw, Xmw, Xmw, Rmp, Rmp, Rmp, Rmp, 1 Rmp, Rmp, Rmp, Rmp, Rmp, Xmw, Xmw, Xmw, Xmw, Xmw, Xmw, Xmw, Xmw, Xmw, Xmw, Xmw, Xmw, Xmw, Xmw, Xmw, Xmw, Xmw, Xmw, Xmw, Xmw, Xmw, Xmw, Xmw, Xmw, Xmw, Xmw, Xmw, Xmw, Xmw, Xmw, Xmw, Xmw, Xmw, Xmw, Xmw, Xmw, Xmw
Xmw, Xmw, Xmw, Xmw, Xmw, Xmw, Xmw, Xmw, Xmw, Xmw, Xmw, Xmw, Xmw, Xmw, Xmw, Xmw, Xmw, Xmw, Xmw, Xmw, Xmw, Xmw, Xmw, Xmw, Xmw, Xmw, Xmw, Xmw, Xmw, Xmw, Xmw, Xmw, Xmw, Xmw, Xmw, Xmw, Xmw, Xmw, Xmw, Rmp, Rmp, Rmp, Rmp, Rmp, Xmw, Xmw, Xmw, Xmw, Xmw, Xmw, Xmw, Xmw, Xmw, Xmw, Xmw, Xmw, Xmw, Xmw, Xmw, Xmw, Xmw, Xmw, Xmw, Xmw, Xmw, Xmw, Xmw, Xmw, Xmw, Xmw, Xmw, Xmw, Xmw, Xmw, Xmw, Xmw, Xmw, Xmw, Xmw, Xmw, Xmw, Xmw, Xmw
Xmw, Xmw, Xmw, Xmw, Xmw, Xmw, Xmw, Xmw, Xmw, Xmw, Xmw, Xmw, Xmw, Xmw, Xmw, Xmw, Xmw, Xmw, Xmw, Xmw, Xmw, Xmw, Xmw, Xmw, Xmw, Xmw, Xmw, Xmw, Xmw, Xmw, Xmw, Xmw, Xmw, Xmw, Xmw, Xmw, Xmw, Xmw, Xmw, Xmw, Rmp, Rmp, Rmp, Xmw, Xmw, Xmw, Xmw, Xmw, Xmw, Xmw, Xmw, Xmw, Xmw, Xmw, Xmw, Xmw, Xmw, Xmw, Xmw, Xmw, Xmw, Xmw, Xmw, Xmw, Xmw, Xmw, Xmw, Xmw, Xmw, Xmw, Xmw, Xmw, Xmw, Xmw, Xmw, Xmw, Xmw, Xmw, Xmw, Xmw, Xmw, Xmw, Xmw
Xmw, Xmw, Xmw, Xmw, Xmw, Xmw, Xmw, Xmw, Xmw, Xmw, Xmw, Xmw, Xmw, Xmw, Xmw, Xmw, Xmw, Xmw, Xmw, Xmw, Xmw, Xmw, Xmw, Xmw, Xmw, Xmw, Xmw, Xmw, Xmw, Xmw, Xmw, Xmw, Xmw, Xmw, Xmw, Xmw, Xmw, Xmw, Xmw, Xmw, Rmp, Rmp, Rmp, Xmw, Xmw, Xmw, Xmw, Xmw, Xmw, Xmw, Xmw, Xmw, Xmw, Xmw, Xmw, Xmw, Xmw, Xmw, Xmw, Xmw, Xmw, Xmw, Xmw, Xmw, Xmw, Xmw, Xmw, Xmw, Xmw, Xmw, Xmw, Xmw, Xmw, Xmw, Xmw, Xmw, Xmw, Xmw, Xmw, Xmw, Xmw, Xmw, Xmw
Xmw, Xmw, Xmw, Xmw, Xmw, Xmw, Xmw, Xmw, Xmw, Xmw, Xmw, Xmw, Xmw, Xmw, Xmw, Xmw, Xmw, Xmw, Xmw, Xmw, Xmw, Xmw, Xmw, Xmw, Xmw, Xmw, Xmw, Xmw, Xmw, Xmw, Xmw, Xmw, Xmw, Xmw, Xmw, Xmw, Xmw, Xmw, Xmw, Xmw, Rmp, Rmp, Rmp, Xmw, Xmw, Xmw, Xmw, Xmw, Xmw, Xmw, Xmw, Xmw, Xmw, Xmw, Xmw, Xmw, Xmw, Xmw, Xmw, Xmw, Xmw, Xmw, Xmw, Xmw, Xmw, Xmw, Xmw, Xmw, Xmw, Xmw, Xmw, Xmw, Xmw, Xmw, Xmw, Xmw, Xmw, Xmw, Xmw, Xmw, Xmw, Xmw, Xmw
Xmw, Xmw, Xmw, Xmw, Xmw, Xmw, Xmw, Xmw, Xmw, Xmw, Xmw, Xmw, Xmw, Xmw, Xmw, Xmw, Xmw, Xmw, Xmw, Xmw, Xmw, Xmw, Xmw, Xmw, Xmw, Xmw, Xmw, Xmw, Xmw, Xmw, Xmw, Xmw, Xmw, Xmw, Xmw, Xmw, Xmw, Xmw, Xmw, Rmp, Rmp, Rmp, Rmp, Rmp, Xmw, Xmw, Xmw, Xmw, Xmw, Xmw, Xmw, Xmw, Xmw, Xmw, Xmw, Xmw, Xmw, Xmw, Xmw, Xmw, Xmw, Xmw, Xmw, Xmw, Xmw, Xmw, Xmw, Xmw, Xmw, Xmw, Xmw, Xmw, Xmw, Xmw, Xmw, Xmw, Xmw, Xmw, Xmw, Xmw, Xmw, Xmw, Xmw
Xmw, Xmw, Xmw, Xmw, Xmw, Xmw, Xmw, Xmw, Xmw, Xmw, Xmw, Xmw, Xmw, Xmw, Xmw, Xmw, Xmw, Rmp, Rmp, Rmp, Rmp, Rmp, Rmp, Rmp, Rmp, Rmp, Rmp, Rmp, Rmp, Rmp, Rmp, Rmp, Rmp, Rmp, Rmp, Rmp, Rmp, Rmp, Rmp^Xo, Rmp, Rmp, Rmp^Ta, Rmp, Rmp, Rmp^Xo, Rmp, Xmw, Xmw, Xmw, Xmw, Xmw, Xmw, Xmw, Xmw, Xmw, Xmw, Xmw, Xmw, Xmw, Xmw, Xmw, Xmw, Xmw, Xmw, Xmw, Xmw, Xmw, Xmw, Xmw, Xmw, Xmw, Xmw, Xmw, Xmw, Xmw, Xmw, Xmw, Xmw, Xmw, Xmw, Xmw, Xmw, Xmw
Xmw, Xmw, Xmw, Xmw, Xmw, Xmw, Xmw, Xmw, Xmw, Xmw, Xmw, Xmw, Xmw, Xmw, Xmw, Xmw, Xmw, Rmp, Rmp, Rmp, Rmp, Rmp, Rmp, Rmp, Rmp, Rmp, Rmp, Rmp, Rmp, Rmp, Rmp, Rmp, Rmp, Rmp, Rmp, Rmp, Rmp, Rmp, Rmp^Xo, Rmp, Rmp, Rmp, Rmp, Rmp, Rmp^Xo, Rmp, Xmw, Xmw, Xmw, Xmw, Xmw, Xmw, Xmw, Xmw, Xmw, Xmw, Xmw, Xmw, Xmw, Xmw, Xmw, Xmw, Xmw, Xmw, Xmw, Xmw, Xmw, Xmw, Xmw, Xmw, Xmw, Xmw, Xmw, Xmw, Xmw, Xmw, Xmw, Xmw, Xmw, Xmw, Xmw, Xmw, Xmw
Xmw, Xmw, Xmw, Xmw, Xmw, Xmw, Xmw, Xmw, Xmw, Xmw, Xmw, Xmw, Xmw, Xmw, Xmw, Xmw, Xmw, Rmp, Xmw, Rmp, Xmw, Rmp, Xmw, Rmp, Xmw, Rmp, Xmw, Rmp, Xmw, Rmp, Xmw, Rmp, Xmw, Rmp, Xmw, Rmp, Xmw, Rmp, Xmw, Rmp, Rmp, Rmp, Rmp, Rmp, Xmw, Rmp, Xmw, Xmw, Xmw, Xmw, Xmw, Xmw, Xmw, Xmw, Xmw, Xmw, Xmw, Xmw, Xmw, Xmw, Xmw, Xmw, Xmw, Xmw, Xmw, Xmw, Xmw, Xmw, Xmw, Xmw, Xmw, Xmw, Xmw, Xmw, Xmw, Xmw, Xmw, Xmw, Xmw, Xmw, Xmw, Xmw, Xmw
Xmw, Xmw, Xmw, Xmw, Xmw, Xmw, Xmw, Xmw, Xmw, Xmw, Xmw, Xmw, Xmw, Xmw, Xmw, Xmw, Xmw, Xmw, Xmw, Xmw, Xmw, Xmw, Xmw, Xmw, Xmw, Xmw, Xmw, Xmw, Xmw, Xmw, Xmw, Xmw, Xmw, Xmw, Xmw, Xmw, Xmw, Xmw, Xmw, Rmp, Rmp, Rmp, Rmp, Rmp, Xmw, Xmw, Xmw, Xmw, Xmw, Xmw, Xmw, Xmw, Xmw, Xmw, Xmw, Xmw, Xmw, Xmw, Xmw, Xmw, Xmw, Xmw, Xmw, Xmw, Xmw, Xmw, Xmw, Xmw, Xmw, Xmw, Xmw, Xmw, Xmw, Xmw, Xmw, Xmw, Xmw, Xmw, Xmw, Xmw, Xmw, Xmw, Xmw
Xmw, Xmw, Xmw, Xmw, Xmw, Xmw, Xmw, Xmw, Xmw, Xmw, Xmw, Xmw, Xmw, Xmw, Xmw, Xmw, Xmw, Xmw, Xmw, Xmw, Xmw, Xmw, Xmw, Xmw, Xmw, Xmw, Xmw, Xmw, Xmw, Xmw, Xmw, Xmw, Xmw, Xmw, Xmw, Xmw, Xmw, Xmw, Xmw, Rmp, Rmp, Rmp, Rmp, Rmp, Xmw, Xmw, Xmw, Xmw, Xmw, Xmw, Xmw, Xmw, Xmw, Xmw, Xmw, Xmw, Xmw, Xmw, Xmw, Xmw, Xmw, Xmw, Xmw, Xmw, Xmw, Xmw, Xmw, Xmw, Xmw, Xmw, Xmw, Xmw, Xmw, Xmw, Xmw, Xmw, Xmw, Xmw, Xmw, Xmw, Xmw, Xmw, Xmw
Xmw, Xmw, Xmw, Xmw, Xmw, Xmw, Xmw, Xmw, Xmw, Xmw, Xmw, Xmw, Xmw, Xmw, Xmw, Xmw, Xmw, Xmw, Xmw, Xmw, Xmw, Xmw, Xmw, Xmw, Xmw, Xmw, Xmw, Xmw, Xmw, Xmw, Xmw, Xmw, Xmw, Xmw, Xmw, Xmw, Xmw, Xmw, Xmw, Xmw, Rmp, Rmp, Rmp, Xmw, Xmw, Xmw, Xmw, Xmw, Xmw, Xmw, Xmw, Xmw, Xmw, Xmw, Xmw, Xmw, Xmw, Xmw, Xmw, Xmw, Xmw, Xmw, Xmw, Xmw, Xmw, Xmw, Xmw, Xmw, Xmw, Xmw, Xmw, Xmw, Xmw, Xmw, Xmw, Xmw, Xmw, Xmw, Xmw, Xmw, Xmw, Xmw, Xmw
Xmw, Xmw, Xmw, Xmw, Xmw, Xmw, Xmw, Xmw, Xmw, Xmw, Xmw, Xmw, Xmw, Xmw, Xmw, Xmw, Xmw, Xmw, Xmw, Xmw, Xmw, Xmw, Xmw, Xmw, Xmw, Xmw, Xmw, Xmw, Xmw, Xmw, Xmw, Xmw, Xmw, Xmw, Xmw, Xmw, Xmw, Xmw, Xmw, Xmw, Rmp, Rmp, Rmp, Xmw, Xmw, Xmw, Xmw, Xmw, Xmw, Xmw, Xmw, Xmw, Xmw, Xmw, Xmw, Xmw, Xmw, Xmw, Xmw, Xmw, Xmw, Xmw, Xmw, Xmw, Xmw, Xmw, Xmw, Xmw, Xmw, Xmw, Xmw, Xmw, Xmw, Xmw, Xmw, Xmw, Xmw, Xmw, Xmw, Xmw, Xmw, Xmw, Xmw
